###############################################################################
#
# IAR ELF Linker V8.32.1.169/W32 for ARM                  07/Sep/2020  11:14:30
# Copyright 2007-2018 IAR Systems AB.
#
#    Output file  =  
#        C:\SYSTEM\_PROJECTS\MCU\Funny_watch\IAR\Flash_mem\Debug\Exe\c.out
#    Map file     =  
#        C:\SYSTEM\_PROJECTS\MCU\Funny_watch\IAR\Flash_mem\Debug\List\c.map
#    Command line =  
#        -f C:\Users\ermolaea\AppData\Local\Temp\EW1D3.tmp
#        (C:\SYSTEM\_PROJECTS\MCU\Funny_watch\IAR\Flash_mem\Debug\Obj\functions.o
#        C:\SYSTEM\_PROJECTS\MCU\Funny_watch\IAR\Flash_mem\Debug\Obj\main.o
#        C:\SYSTEM\_PROJECTS\MCU\Funny_watch\IAR\Flash_mem\Debug\Obj\startup_stm32f030x6.o
#        --no_out_extension -o
#        C:\SYSTEM\_PROJECTS\MCU\Funny_watch\IAR\Flash_mem\Debug\Exe\c.out
#        --redirect _Printf=_PrintfFullNoMb --redirect _Scanf=_ScanfFullNoMb
#        --map
#        C:\SYSTEM\_PROJECTS\MCU\Funny_watch\IAR\Flash_mem\Debug\List\c.map
#        --config
#        C:\SYSTEM\_PROJECTS\MCU\Funny_watch\IAR\Flash_mem/stm32f030x6_flash.icf
#        --semihosting --entry __iar_program_start --vfe --text_out locale)
#
###############################################################################

*******************************************************************************
*** RUNTIME MODEL ATTRIBUTES
***

CppFlavor       = *
__SystemLibrary = DLib
__dlib_version  = 6


*******************************************************************************
*** HEAP SELECTION
***

The basic heap was selected because no calls to memory allocation
functions were found in the application outside of system library
functions, and there are calls to deallocation functions in the
application.


*******************************************************************************
*** PLACEMENT SUMMARY
***

"A0":  place at 0x800'0000 { ro section .intvec };
"P1":  place in [from 0x800'0000 to 0x800'7fff] { ro };
define block CSTACK with size = 1K, alignment = 8 { };
define block HEAP with size = 512, alignment = 8 { };
"P2":  place in [from 0x2000'0000 to 0x2000'0fff] {
          rw, block CSTACK, block HEAP };

  Section          Kind         Address   Size  Object
  -------          ----         -------   ----  ------
"A0":                                     0xb0
  .intvec          ro code   0x800'0000   0xb0  startup_stm32f030x6.o [1]
                           - 0x800'00b0   0xb0

"P1":                                    0x316
  .text            ro code   0x800'00b0  0x218  main.o [1]
  .text            ro code   0x800'02c8   0x3c  zero_init3.o [3]
  .text            ro code   0x800'0304   0x28  data_init.o [3]
  .iar.init_table  const     0x800'032c   0x10  - Linker created -
  .text            ro code   0x800'033c   0x1e  cmain.o [3]
  .text            ro code   0x800'035a    0x4  low_level_init.o [2]
  .text            ro code   0x800'035e    0x8  exit.o [2]
  .text            ro code   0x800'0366    0x2  startup_stm32f030x6.o [1]
  .text            ro code   0x800'0368    0xa  cexit.o [3]
  .text            ro code   0x800'0372    0x2  startup_stm32f030x6.o [1]
  .text            ro code   0x800'0374   0x14  exit.o [4]
  .text            ro code   0x800'0388    0xc  cstartup_M.o [3]
  .text            ro code   0x800'0394    0x8  startup_stm32f030x6.o [1]
  .text            ro code   0x800'039c    0x2  startup_stm32f030x6.o [1]
  .text            ro code   0x800'039e    0x2  startup_stm32f030x6.o [1]
  .text            ro code   0x800'03a0    0x2  startup_stm32f030x6.o [1]
  .text            ro code   0x800'03a2    0x2  startup_stm32f030x6.o [1]
  .text            ro code   0x800'03a4    0x2  startup_stm32f030x6.o [1]
  .text            ro code   0x800'03a6    0x2  startup_stm32f030x6.o [1]
  .text            ro code   0x800'03a8    0x2  startup_stm32f030x6.o [1]
  .text            ro code   0x800'03aa    0x2  startup_stm32f030x6.o [1]
  .text            ro code   0x800'03ac    0x2  startup_stm32f030x6.o [1]
  .text            ro code   0x800'03ae    0x2  startup_stm32f030x6.o [1]
  .text            ro code   0x800'03b0    0x2  startup_stm32f030x6.o [1]
  .text            ro code   0x800'03b2    0x2  startup_stm32f030x6.o [1]
  .text            ro code   0x800'03b4    0x2  startup_stm32f030x6.o [1]
  .text            ro code   0x800'03b6    0x2  startup_stm32f030x6.o [1]
  .text            ro code   0x800'03b8    0x2  startup_stm32f030x6.o [1]
  .text            ro code   0x800'03ba    0x2  startup_stm32f030x6.o [1]
  .text            ro code   0x800'03bc    0x2  startup_stm32f030x6.o [1]
  .text            ro code   0x800'03be    0x2  startup_stm32f030x6.o [1]
  .text            ro code   0x800'03c0    0x2  startup_stm32f030x6.o [1]
  .text            ro code   0x800'03c2    0x2  startup_stm32f030x6.o [1]
  .text            ro code   0x800'03c4    0x2  startup_stm32f030x6.o [1]
  .rodata          const     0x800'03c6    0x0  zero_init3.o [3]
                           - 0x800'03c6  0x316

"P2", part 1 of 2:                         0x8
  .bss             zero     0x2000'0000    0x4  main.o [1]
  .bss             zero     0x2000'0004    0x4  main.o [1]
                          - 0x2000'0008    0x8

"P2", part 2 of 2:                       0x400
  CSTACK                    0x2000'0008  0x400  <Block>
    CSTACK         uninit   0x2000'0008  0x400  <Block tail>
                          - 0x2000'0408  0x400

Unused ranges:

         From           To    Size
         ----           --    ----
   0x800'03c6   0x800'7fff  0x7c3a
  0x2000'0408  0x2000'0fff   0xbf8


*******************************************************************************
*** INIT TABLE
***

          Address      Size
          -------      ----
Zero (__iar_zero_init3)
    1 destination range, total size 0x8:
          0x2000'0000   0x8



*******************************************************************************
*** MODULE SUMMARY
***

    Module                 ro code  ro data  rw data
    ------                 -------  -------  -------
command line/config:
    ------------------------------------------------
    Total:

C:\SYSTEM\_PROJECTS\MCU\Funny_watch\IAR\Flash_mem\Debug\Obj: [1]
    main.o                     536                 8
    startup_stm32f030x6.o      230
    ------------------------------------------------
    Total:                     766                 8

dl6M_tln.a: [2]
    exit.o                       8
    low_level_init.o             4
    ------------------------------------------------
    Total:                      12

rt6M_tl.a: [3]
    cexit.o                     10
    cmain.o                     30
    cstartup_M.o                12
    data_init.o                 40
    zero_init3.o                60
    ------------------------------------------------
    Total:                     152

shb_l.a: [4]
    exit.o                      20
    ------------------------------------------------
    Total:                      20

    Linker created                       16    1 024
----------------------------------------------------
    Grand Total:               950       16    1 032


*******************************************************************************
*** ENTRY LIST
***

Entry                       Address  Size  Type      Object
-----                       -------  ----  ----      ------
.iar.init_table$$Base    0x800'032c         --   Gb  - Linker created -
.iar.init_table$$Limit   0x800'033c         --   Gb  - Linker created -
?main                    0x800'033d        Code  Gb  cmain.o [3]
CSTACK$$Base            0x2000'0008         --   Gb  - Linker created -
CSTACK$$Limit           0x2000'0408         --   Gb  - Linker created -
NVIC_EnableIRQ           0x800'00b1   0xe  Code  Lc  main.o [1]
Region$$Table$$Base      0x800'032c         --   Gb  - Linker created -
Region$$Table$$Limit     0x800'033c         --   Gb  - Linker created -
SendSPI                  0x800'01cf  0x1c  Code  Gb  main.o [1]
SendUData                0x800'01bb  0x14  Code  Gb  main.o [1]
SysTick_Handler          0x800'01a9  0x12  Code  Gb  main.o [1]
USART1_IRQHandler        0x800'0191  0x18  Code  Gb  main.o [1]
__ICFEDIT_region_RAM_end__ {Abs}
                        0x2000'0fff        Data  Gb  <internal module>
__ICFEDIT_region_RAM_start__ {Abs}
                        0x2000'0000        Data  Gb  <internal module>
__cmain                  0x800'033d        Code  Gb  cmain.o [3]
__exit                   0x800'0375  0x14  Code  Gb  exit.o [4]
__iar_data_init3         0x800'0305  0x28  Code  Gb  data_init.o [3]
__iar_program_start      0x800'0389        Code  Gb  cstartup_M.o [3]
__iar_zero_init3         0x800'02c9  0x3c  Code  Gb  zero_init3.o [3]
__low_level_init         0x800'035b   0x4  Code  Gb  low_level_init.o [2]
__vector_table           0x800'0000        Data  Gb  startup_stm32f030x6.o [1]
_call_main               0x800'0349        Code  Gb  cmain.o [3]
_exit                    0x800'0369        Code  Gb  cexit.o [3]
_main                    0x800'0357        Code  Gb  cmain.o [3]
exit                     0x800'035f   0x8  Code  Gb  exit.o [2]
main                     0x800'00bf  0xd2  Code  Gb  main.o [1]
processUsart             0x800'01eb  0x78  Code  Gb  main.o [1]
v                       0x2000'0000   0x4  Data  Gb  main.o [1]
var                     0x2000'0004   0x4  Data  Gb  main.o [1]


[1] = C:\SYSTEM\_PROJECTS\MCU\Funny_watch\IAR\Flash_mem\Debug\Obj
[2] = dl6M_tln.a
[3] = rt6M_tl.a
[4] = shb_l.a

    950 bytes of readonly  code memory
     16 bytes of readonly  data memory
  1 032 bytes of readwrite data memory

Errors: none
Warnings: none
