###############################################################################
#
# IAR ELF Linker V8.32.1.169/W32 for ARM                  22/Mar/2019  12:09:08
# Copyright 2007-2018 IAR Systems AB.
#
#    Output file  =  
#        C:\_\MY\MCU\___\PROJECTS\009. Clock for
#        children\IAR\Debug\Exe\Clock_for_children_prj.out
#    Map file     =  
#        C:\_\MY\MCU\___\PROJECTS\009. Clock for
#        children\IAR\Debug\List\Clock_for_children_prj.map
#    Command line =  
#        -f C:\Users\user\AppData\Local\Temp\EWBBA2.tmp
#        ("C:\_\MY\MCU\___\PROJECTS\009. Clock for
#        children\IAR\Debug\Obj\main.o" "C:\_\MY\MCU\___\PROJECTS\009. Clock
#        for children\IAR\Debug\Obj\startup_stm32f030x6.o" --no_out_extension
#        -o "C:\_\MY\MCU\___\PROJECTS\009. Clock for
#        children\IAR\Debug\Exe\Clock_for_children_prj.out" --redirect
#        _Printf=_PrintfFullNoMb --redirect _Scanf=_ScanfFullNoMb --map
#        "C:\_\MY\MCU\___\PROJECTS\009. Clock for
#        children\IAR\Debug\List\Clock_for_children_prj.map" --config
#        "C:\_\MY\MCU\___\PROJECTS\009. Clock for
#        children\IAR/stm32f030x6_flash.icf" --semihosting --entry
#        __iar_program_start --vfe --text_out locale)
#
###############################################################################

*******************************************************************************
*** RUNTIME MODEL ATTRIBUTES
***

CppFlavor       = *
__SystemLibrary = DLib
__dlib_version  = 6


*******************************************************************************
*** HEAP SELECTION
***

The basic heap was selected because no calls to memory allocation
functions were found in the application outside of system library
functions, and there are calls to deallocation functions in the
application.


*******************************************************************************
*** PLACEMENT SUMMARY
***

"A0":  place at 0x800'0000 { ro section .intvec };
"P1":  place in [from 0x800'0000 to 0x800'7fff] { ro };
define block CSTACK with size = 1K, alignment = 8 { };
define block HEAP with size = 512, alignment = 8 { };
"P2":  place in [from 0x2000'0000 to 0x2000'0fff] {
          rw, block CSTACK, block HEAP };

  Section          Kind         Address    Size  Object
  -------          ----         -------    ----  ------
"A0":                                      0xb0
  .intvec          ro code   0x800'0000    0xb0  startup_stm32f030x6.o [1]
                           - 0x800'00b0    0xb0

"P1":                                    0x3e7e
  .text            ro code   0x800'00b0  0x24e2  main.o [1]
  .text            ro code   0x800'2592    0xe0  I32DivModFast.o [3]
  .text            ro code   0x800'2672     0x2  startup_stm32f030x6.o [1]
  .text            ro code   0x800'2674    0x16  uread4.o [3]
  .text            ro code   0x800'268a     0x2  startup_stm32f030x6.o [1]
  .text            ro code   0x800'268c     0x2  IntDivZer.o [3]
  .text            ro code   0x800'268e     0x2  startup_stm32f030x6.o [1]
  .rodata          const     0x800'2690   0xac4  main.o [1]
  .rodata          const     0x800'3154   0xab4  main.o [1]
  .rodata          const     0x800'3c08    0x68  main.o [1]
  .rodata          const     0x800'3c70    0x64  main.o [1]
  .rodata          const     0x800'3cd4    0x54  main.o [1]
  .rodata          const     0x800'3d28    0x48  main.o [1]
  .rodata          const     0x800'3d70    0x40  main.o [1]
  .text            ro code   0x800'3db0    0x3c  zero_init3.o [3]
  .rodata          const     0x800'3dec    0x34  main.o [1]
  .text            ro code   0x800'3e20    0x28  data_init.o [3]
  .iar.init_table  const     0x800'3e48    0x10  - Linker created -
  .rodata          const     0x800'3e58    0x20  main.o [1]
  .text            ro code   0x800'3e78    0x1e  cmain.o [3]
  .text            ro code   0x800'3e96     0x4  low_level_init.o [2]
  .text            ro code   0x800'3e9a     0x8  exit.o [2]
  .text            ro code   0x800'3ea2     0x2  startup_stm32f030x6.o [1]
  .text            ro code   0x800'3ea4     0xa  cexit.o [3]
  .text            ro code   0x800'3eae     0x2  startup_stm32f030x6.o [1]
  .text            ro code   0x800'3eb0    0x14  exit.o [4]
  .rodata          const     0x800'3ec4    0x1c  main.o [1]
  .rodata          const     0x800'3ee0    0x10  main.o [1]
  .text            ro code   0x800'3ef0     0xc  cstartup_M.o [3]
  .rodata          const     0x800'3efc     0x8  main.o [1]
  .text            ro code   0x800'3f04     0x8  startup_stm32f030x6.o [1]
  .text            ro code   0x800'3f0c     0x2  startup_stm32f030x6.o [1]
  .text            ro code   0x800'3f0e     0x2  startup_stm32f030x6.o [1]
  .text            ro code   0x800'3f10     0x2  startup_stm32f030x6.o [1]
  .text            ro code   0x800'3f12     0x2  startup_stm32f030x6.o [1]
  .text            ro code   0x800'3f14     0x2  startup_stm32f030x6.o [1]
  .text            ro code   0x800'3f16     0x2  startup_stm32f030x6.o [1]
  .text            ro code   0x800'3f18     0x2  startup_stm32f030x6.o [1]
  .text            ro code   0x800'3f1a     0x2  startup_stm32f030x6.o [1]
  .text            ro code   0x800'3f1c     0x2  startup_stm32f030x6.o [1]
  .text            ro code   0x800'3f1e     0x2  startup_stm32f030x6.o [1]
  .text            ro code   0x800'3f20     0x2  startup_stm32f030x6.o [1]
  .text            ro code   0x800'3f22     0x2  startup_stm32f030x6.o [1]
  .text            ro code   0x800'3f24     0x2  startup_stm32f030x6.o [1]
  .text            ro code   0x800'3f26     0x2  startup_stm32f030x6.o [1]
  .text            ro code   0x800'3f28     0x2  startup_stm32f030x6.o [1]
  .text            ro code   0x800'3f2a     0x2  startup_stm32f030x6.o [1]
  .text            ro code   0x800'3f2c     0x2  startup_stm32f030x6.o [1]
  .rodata          const     0x800'3f2e     0x0  zero_init3.o [3]
                           - 0x800'3f2e  0x3e7e

"P2", part 1 of 2:                         0x60
  .bss             zero     0x2000'0000    0x58  main.o [1]
  .bss             zero     0x2000'0058     0x4  main.o [1]
  .bss             zero     0x2000'005c     0x2  main.o [1]
                          - 0x2000'005e    0x5e

"P2", part 2 of 2:                        0x400
  CSTACK                    0x2000'0060   0x400  <Block>
    CSTACK         uninit   0x2000'0060   0x400  <Block tail>
                          - 0x2000'0460   0x400

Unused ranges:

         From           To    Size
         ----           --    ----
   0x800'3f2e   0x800'7fff  0x40d2
  0x2000'0460  0x2000'0fff   0xba0


*******************************************************************************
*** INIT TABLE
***

          Address      Size
          -------      ----
Zero (__iar_zero_init3)
    1 destination range, total size 0x5e:
          0x2000'0000  0x5e



*******************************************************************************
*** MODULE SUMMARY
***

    Module                 ro code  ro data  rw data
    ------                 -------  -------  -------
command line/config:
    ------------------------------------------------
    Total:

C:\_\MY\MCU\___\PROJECTS\009. Clock for children\IAR\Debug\Obj: [1]
    main.o                   9 442    6 056       94
    startup_stm32f030x6.o      228
    ------------------------------------------------
    Total:                   9 670    6 056       94

dl6M_tln.a: [2]
    exit.o                       8
    low_level_init.o             4
    ------------------------------------------------
    Total:                      12

rt6M_tl.a: [3]
    I32DivModFast.o            224
    IntDivZer.o                  2
    cexit.o                     10
    cmain.o                     30
    cstartup_M.o                12
    data_init.o                 40
    uread4.o                    22
    zero_init3.o                60
    ------------------------------------------------
    Total:                     400

shb_l.a: [4]
    exit.o                      20
    ------------------------------------------------
    Total:                      20

    Linker created                       16    1 024
----------------------------------------------------
    Grand Total:            10 102    6 072    1 118


*******************************************************************************
*** ENTRY LIST
***

Entry                       Address   Size  Type      Object
-----                       -------   ----  ----      ------
.iar.init_table$$Base    0x800'3e48          --   Gb  - Linker created -
.iar.init_table$$Limit   0x800'3e58          --   Gb  - Linker created -
?main                    0x800'3e79         Code  Gb  cmain.o [3]
ABC                      0x800'3e58   0x20  Data  Lc  main.o [1]
Alarm_ShowDowCheckboxes
                         0x800'1fe1   0x96  Code  Gb  main.o [1]
BmpHeader16             0x2000'0058    0x4  Data  Gb  main.o [1]
CSTACK$$Base            0x2000'0060          --   Gb  - Linker created -
CSTACK$$Limit           0x2000'0460          --   Gb  - Linker created -
CharCount                0x800'2339   0x18  Code  Gb  main.o [1]
ConvertToBCD             0x800'20b1   0x5e  Code  Gb  main.o [1]
Date_GetDayOfWeek        0x800'1f45   0x7a  Code  Gb  main.o [1]
Date_Show                0x800'1d61  0x1d4  Code  Gb  main.o [1]
Delay                    0x800'1165    0xe  Code  Gb  main.o [1]
EXTI4_15_IRQHandler      0x800'1107   0x54  Code  Gb  main.o [1]
L24X27                   0x800'2690  0xac4  Data  Lc  main.o [1]
L24X27FUN                0x800'3154  0xab4  Data  Lc  main.o [1]
LCD_FillBackground       0x800'1261   0x28  Code  Gb  main.o [1]
LCD_FillRectangle        0x800'1361   0x74  Code  Gb  main.o [1]
LCD_Init                 0x800'1185   0xd6  Code  Gb  main.o [1]
LCD_SetWindow            0x800'1289   0xd4  Code  Gb  main.o [1]
LCD_ShowDigits           0x800'1811   0x58  Code  Gb  main.o [1]
LCD_ShowImage16FromMem   0x800'1429  0x12a  Code  Gb  main.o [1]
LCD_ShowImage2FromRom    0x800'1559  0x1d6  Code  Gb  main.o [1]
LCD_ShowText             0x800'1745   0xcc  Code  Gb  main.o [1]
LcdInitData              0x800'3c70   0x64  Data  Lc  main.o [1]
LoadFromRom              0x800'2419   0xc4  Code  Gb  main.o [1]
MemReadSequence          0x800'256f   0x24  Code  Gb  main.o [1]
MemWaitForWriteEnd       0x800'2515   0x26  Code  Gb  main.o [1]
MemWriteEnable           0x800'24dd   0x38  Code  Gb  main.o [1]
MemWriteSequence         0x800'254d   0x22  Code  Gb  main.o [1]
NVIC_EnableIRQ           0x800'00b1    0xe  Code  Lc  main.o [1]
NVIC_SetPriority         0x800'00bf   0x8a  Code  Lc  main.o [1]
ProcessTouching          0x800'210f  0x224  Code  Gb  main.o [1]
RTC_IRQHandler           0x800'10dd   0x2a  Code  Gb  main.o [1]
Region$$Table$$Base      0x800'3e48          --   Gb  - Linker created -
Region$$Table$$Limit     0x800'3e58          --   Gb  - Linker created -
SPI_Exchange             0x800'13ed   0x14  Code  Gb  main.o [1]
SPI_Send                 0x800'13d9   0x10  Code  Gb  main.o [1]
SaveToRom                0x800'2351   0xaa  Code  Gb  main.o [1]
SysTick_Handler          0x800'1013   0xc6  Code  Gb  main.o [1]
TDAYS                    0x800'3d70   0x40  Data  Lc  main.o [1]
TDaysIDx                 0x800'3efc    0x8  Data  Lc  main.o [1]
TMONTHS                  0x800'3cd4   0x54  Data  Lc  main.o [1]
TMessages                0x800'3dec   0x34  Data  Lc  main.o [1]
TMonths_IDx              0x800'3ee0   0x10  Data  Lc  main.o [1]
TShortDAYS               0x800'3ec4   0x1c  Data  Lc  main.o [1]
Time_Add                 0x800'1bd9   0x76  Code  Gb  main.o [1]
Time_SetCalendarTM       0x800'1ce9   0x64  Code  Gb  main.o [1]
Time_Show                0x800'1885  0x344  Code  Gb  main.o [1]
Time_Sub                 0x800'1c5d   0x86  Code  Gb  main.o [1]
__ICFEDIT_region_RAM_end__ {Abs}
                        0x2000'0fff         Data  Gb  <internal module>
__ICFEDIT_region_RAM_start__ {Abs}
                        0x2000'0000         Data  Gb  <internal module>
__aeabi_idiv             0x800'25bf         Code  Gb  I32DivModFast.o [3]
__aeabi_idiv0            0x800'268d         Code  Gb  IntDivZer.o [3]
__aeabi_idivmod          0x800'25bf         Code  Gb  I32DivModFast.o [3]
__aeabi_uidiv            0x800'25c5         Code  Gb  I32DivModFast.o [3]
__aeabi_uidivmod         0x800'25c5         Code  Gb  I32DivModFast.o [3]
__aeabi_uread4           0x800'2675         Code  Gb  uread4.o [3]
__cmain                  0x800'3e79         Code  Gb  cmain.o [3]
__exit                   0x800'3eb1   0x14  Code  Gb  exit.o [4]
__iar_data_init3         0x800'3e21   0x28  Code  Gb  data_init.o [3]
__iar_program_start      0x800'3ef1         Code  Gb  cstartup_M.o [3]
__iar_zero_init3         0x800'3db1   0x3c  Code  Gb  zero_init3.o [3]
__low_level_init         0x800'3e97    0x4  Code  Gb  low_level_init.o [2]
__vector_table           0x800'0000         Data  Gb  startup_stm32f030x6.o [1]
_call_main               0x800'3e85         Code  Gb  cmain.o [3]
_exit                    0x800'3ea5         Code  Gb  cexit.o [3]
_main                    0x800'3e93         Code  Gb  cmain.o [3]
digits8                  0x800'3d28   0x48  Data  Lc  main.o [1]
exit                     0x800'3e9b    0x8  Code  Gb  exit.o [2]
flags                   0x2000'005c    0x2  Data  Gb  main.o [1]
main                     0x800'0155  0xebe  Code  Gb  main.o [1]
memMap                   0x800'3c08   0x68  Data  Lc  main.o [1]
v                       0x2000'0000   0x58  Data  Gb  main.o [1]


[1] = C:\_\MY\MCU\___\PROJECTS\009. Clock for children\IAR\Debug\Obj
[2] = dl6M_tln.a
[3] = rt6M_tl.a
[4] = shb_l.a

  10 102 bytes of readonly  code memory
   6 072 bytes of readonly  data memory
   1 118 bytes of readwrite data memory

Errors: none
Warnings: none
