###############################################################################
#
# IAR ELF Linker V8.32.1.169/W32 for ARM                  11/Sep/2020  19:04:55
# Copyright 2007-2018 IAR Systems AB.
#
#    Output file  =  
#        D:\PROJECTS\MCU\___\PROJECTS\Funny_watch\IAR\Watch\Debug\Exe\Clock_for_children_prj.out
#    Map file     =  
#        D:\PROJECTS\MCU\___\PROJECTS\Funny_watch\IAR\Watch\Debug\List\Clock_for_children_prj.map
#    Command line =  
#        -f C:\Users\USER~1.PC-\AppData\Local\Temp\EW3A09.tmp
#        (D:\PROJECTS\MCU\___\PROJECTS\Funny_watch\IAR\Watch\Debug\Obj\main.o
#        D:\PROJECTS\MCU\___\PROJECTS\Funny_watch\IAR\Watch\Debug\Obj\startup_stm32f030x6.o
#        --no_out_extension -o
#        D:\PROJECTS\MCU\___\PROJECTS\Funny_watch\IAR\Watch\Debug\Exe\Clock_for_children_prj.out
#        --redirect _Printf=_PrintfFullNoMb --redirect _Scanf=_ScanfFullNoMb
#        --map
#        D:\PROJECTS\MCU\___\PROJECTS\Funny_watch\IAR\Watch\Debug\List\Clock_for_children_prj.map
#        --config
#        D:\PROJECTS\MCU\___\PROJECTS\Funny_watch\IAR\Watch/stm32f030x6_flash.icf
#        --semihosting --entry __iar_program_start --vfe --text_out locale)
#
###############################################################################

*******************************************************************************
*** RUNTIME MODEL ATTRIBUTES
***

CppFlavor       = *
__SystemLibrary = DLib
__dlib_version  = 6


*******************************************************************************
*** HEAP SELECTION
***

The basic heap was selected because no calls to memory allocation
functions were found in the application outside of system library
functions, and there are calls to deallocation functions in the
application.


*******************************************************************************
*** PLACEMENT SUMMARY
***

"A0":  place at 0x800'0000 { ro section .intvec };
"P1":  place in [from 0x800'0000 to 0x800'7fff] { ro };
define block CSTACK with size = 1K, alignment = 8 { };
define block HEAP with size = 512, alignment = 8 { };
"P2":  place in [from 0x2000'0000 to 0x2000'0fff] {
          rw, block CSTACK, block HEAP };

  Section          Kind         Address    Size  Object
  -------          ----         -------    ----  ------
"A0":                                      0xb0
  .intvec          ro code   0x800'0000    0xb0  startup_stm32f030x6.o [1]
                           - 0x800'00b0    0xb0

"P1":                                    0x3d9a
  .text            ro code   0x800'00b0  0x23fe  main.o [1]
  .text            ro code   0x800'24ae    0xe0  I32DivModFast.o [3]
  .text            ro code   0x800'258e     0x2  startup_stm32f030x6.o [1]
  .text            ro code   0x800'2590    0x16  uread4.o [3]
  .text            ro code   0x800'25a6     0x2  startup_stm32f030x6.o [1]
  .text            ro code   0x800'25a8     0x2  IntDivZer.o [3]
  .text            ro code   0x800'25aa     0x2  startup_stm32f030x6.o [1]
  .rodata          const     0x800'25ac   0xac4  main.o [1]
  .rodata          const     0x800'3070   0xab4  main.o [1]
  .rodata          const     0x800'3b24    0x68  main.o [1]
  .rodata          const     0x800'3b8c    0x64  main.o [1]
  .rodata          const     0x800'3bf0    0x54  main.o [1]
  .rodata          const     0x800'3c44    0x48  main.o [1]
  .rodata          const     0x800'3c8c    0x40  main.o [1]
  .text            ro code   0x800'3ccc    0x3c  zero_init3.o [3]
  .rodata          const     0x800'3d08    0x34  main.o [1]
  .text            ro code   0x800'3d3c    0x28  data_init.o [3]
  .iar.init_table  const     0x800'3d64    0x10  - Linker created -
  .rodata          const     0x800'3d74    0x20  main.o [1]
  .text            ro code   0x800'3d94    0x1e  cmain.o [3]
  .text            ro code   0x800'3db2     0x4  low_level_init.o [2]
  .text            ro code   0x800'3db6     0x8  exit.o [2]
  .text            ro code   0x800'3dbe     0x2  startup_stm32f030x6.o [1]
  .text            ro code   0x800'3dc0     0xa  cexit.o [3]
  .text            ro code   0x800'3dca     0x2  startup_stm32f030x6.o [1]
  .text            ro code   0x800'3dcc    0x14  exit.o [4]
  .rodata          const     0x800'3de0    0x1c  main.o [1]
  .rodata          const     0x800'3dfc    0x10  main.o [1]
  .text            ro code   0x800'3e0c     0xc  cstartup_M.o [3]
  .rodata          const     0x800'3e18     0x8  main.o [1]
  .text            ro code   0x800'3e20     0x8  startup_stm32f030x6.o [1]
  .text            ro code   0x800'3e28     0x2  startup_stm32f030x6.o [1]
  .text            ro code   0x800'3e2a     0x2  startup_stm32f030x6.o [1]
  .text            ro code   0x800'3e2c     0x2  startup_stm32f030x6.o [1]
  .text            ro code   0x800'3e2e     0x2  startup_stm32f030x6.o [1]
  .text            ro code   0x800'3e30     0x2  startup_stm32f030x6.o [1]
  .text            ro code   0x800'3e32     0x2  startup_stm32f030x6.o [1]
  .text            ro code   0x800'3e34     0x2  startup_stm32f030x6.o [1]
  .text            ro code   0x800'3e36     0x2  startup_stm32f030x6.o [1]
  .text            ro code   0x800'3e38     0x2  startup_stm32f030x6.o [1]
  .text            ro code   0x800'3e3a     0x2  startup_stm32f030x6.o [1]
  .text            ro code   0x800'3e3c     0x2  startup_stm32f030x6.o [1]
  .text            ro code   0x800'3e3e     0x2  startup_stm32f030x6.o [1]
  .text            ro code   0x800'3e40     0x2  startup_stm32f030x6.o [1]
  .text            ro code   0x800'3e42     0x2  startup_stm32f030x6.o [1]
  .text            ro code   0x800'3e44     0x2  startup_stm32f030x6.o [1]
  .text            ro code   0x800'3e46     0x2  startup_stm32f030x6.o [1]
  .text            ro code   0x800'3e48     0x2  startup_stm32f030x6.o [1]
  .rodata          const     0x800'3e4a     0x0  zero_init3.o [3]
                           - 0x800'3e4a  0x3d9a

"P2", part 1 of 2:                         0x60
  .bss             zero     0x2000'0000    0x58  main.o [1]
  .bss             zero     0x2000'0058     0x4  main.o [1]
  .bss             zero     0x2000'005c     0x2  main.o [1]
                          - 0x2000'005e    0x5e

"P2", part 2 of 2:                        0x400
  CSTACK                    0x2000'0060   0x400  <Block>
    CSTACK         uninit   0x2000'0060   0x400  <Block tail>
                          - 0x2000'0460   0x400

Unused ranges:

         From           To    Size
         ----           --    ----
   0x800'3e4a   0x800'7fff  0x41b6
  0x2000'0460  0x2000'0fff   0xba0


*******************************************************************************
*** INIT TABLE
***

          Address      Size
          -------      ----
Zero (__iar_zero_init3)
    1 destination range, total size 0x5e:
          0x2000'0000  0x5e



*******************************************************************************
*** MODULE SUMMARY
***

    Module                 ro code  ro data  rw data
    ------                 -------  -------  -------
command line/config:
    ------------------------------------------------
    Total:

D:\PROJECTS\MCU\___\PROJECTS\Funny_watch\IAR\Watch\Debug\Obj: [1]
    main.o                   9 214    6 056       94
    startup_stm32f030x6.o      228
    ------------------------------------------------
    Total:                   9 442    6 056       94

dl6M_tln.a: [2]
    exit.o                       8
    low_level_init.o             4
    ------------------------------------------------
    Total:                      12

rt6M_tl.a: [3]
    I32DivModFast.o            224
    IntDivZer.o                  2
    cexit.o                     10
    cmain.o                     30
    cstartup_M.o                12
    data_init.o                 40
    uread4.o                    22
    zero_init3.o                60
    ------------------------------------------------
    Total:                     400

shb_l.a: [4]
    exit.o                      20
    ------------------------------------------------
    Total:                      20

    Linker created                       16    1 024
----------------------------------------------------
    Grand Total:             9 874    6 072    1 118


*******************************************************************************
*** ENTRY LIST
***

Entry                       Address   Size  Type      Object
-----                       -------   ----  ----      ------
.iar.init_table$$Base    0x800'3d64          --   Gb  - Linker created -
.iar.init_table$$Limit   0x800'3d74          --   Gb  - Linker created -
?main                    0x800'3d95         Code  Gb  cmain.o [3]
ABC                      0x800'3d74   0x20  Data  Lc  main.o [1]
Alarm_ShowDowCheckboxes
                         0x800'1f4d   0x96  Code  Gb  main.o [1]
BmpHeader16             0x2000'0058    0x4  Data  Gb  main.o [1]
CSTACK$$Base            0x2000'0060          --   Gb  - Linker created -
CSTACK$$Limit           0x2000'0460          --   Gb  - Linker created -
CharCount                0x800'2299   0x18  Code  Gb  main.o [1]
ConvertToBCD             0x800'201d   0x5e  Code  Gb  main.o [1]
Date_GetDayOfWeek        0x800'1ea9   0x7a  Code  Gb  main.o [1]
Date_Show                0x800'1ce1  0x1bc  Code  Gb  main.o [1]
Delay                    0x800'1185    0xe  Code  Gb  main.o [1]
EXTI4_15_IRQHandler      0x800'1127   0x56  Code  Gb  main.o [1]
L24X27                   0x800'25ac  0xac4  Data  Lc  main.o [1]
L24X27FUN                0x800'3070  0xab4  Data  Lc  main.o [1]
LCD_FillRectangle        0x800'1325   0x66  Code  Gb  main.o [1]
LCD_Init                 0x800'11a5   0xb6  Code  Gb  main.o [1]
LCD_SetWindow            0x800'1261   0xc4  Code  Gb  main.o [1]
LCD_ShowDigits           0x800'1799   0x58  Code  Gb  main.o [1]
LCD_ShowImage16FromMem   0x800'1421   0xea  Code  Gb  main.o [1]
LCD_ShowImage2FromRom    0x800'1515  0x1a4  Code  Gb  main.o [1]
LCD_ShowText             0x800'16c5   0xcc  Code  Gb  main.o [1]
LcdInitData              0x800'3b8c   0x64  Data  Lc  main.o [1]
LoadFromRom              0x800'2361   0xb4  Code  Gb  main.o [1]
MemReadSequence          0x800'248b   0x24  Code  Gb  main.o [1]
MemWaitForWriteEnd       0x800'2441   0x20  Code  Gb  main.o [1]
MemWriteEnable           0x800'2415   0x2c  Code  Gb  main.o [1]
MemWriteSequence         0x800'2469   0x22  Code  Gb  main.o [1]
NVIC_EnableIRQ           0x800'00b1    0xe  Code  Lc  main.o [1]
NVIC_SetPriority         0x800'00bf   0x8a  Code  Lc  main.o [1]
ProcessTouching          0x800'207b  0x218  Code  Gb  main.o [1]
RTC_IRQHandler           0x800'10fd   0x2a  Code  Gb  main.o [1]
Region$$Table$$Base      0x800'3d64          --   Gb  - Linker created -
Region$$Table$$Limit     0x800'3d74          --   Gb  - Linker created -
SPI_Exchange             0x800'13d1   0x14  Code  Gb  main.o [1]
SPI_FlushRX              0x800'13ed   0x18  Code  Gb  main.o [1]
SPI_Send                 0x800'138b   0x10  Code  Gb  main.o [1]
SPI_Send2                0x800'13a1   0x2c  Code  Gb  main.o [1]
SaveToRom                0x800'22b1   0x9a  Code  Gb  main.o [1]
SysTick_Handler          0x800'1033   0xc6  Code  Gb  main.o [1]
TDAYS                    0x800'3c8c   0x40  Data  Lc  main.o [1]
TDaysIDx                 0x800'3e18    0x8  Data  Lc  main.o [1]
TMONTHS                  0x800'3bf0   0x54  Data  Lc  main.o [1]
TMessages                0x800'3d08   0x34  Data  Lc  main.o [1]
TMonths_IDx              0x800'3dfc   0x10  Data  Lc  main.o [1]
TShortDAYS               0x800'3de0   0x1c  Data  Lc  main.o [1]
Time_Add                 0x800'1b5d   0x76  Code  Gb  main.o [1]
Time_SetCalendarTM       0x800'1c6d   0x64  Code  Gb  main.o [1]
Time_Show                0x800'1809  0x344  Code  Gb  main.o [1]
Time_Sub                 0x800'1be1   0x86  Code  Gb  main.o [1]
__ICFEDIT_region_RAM_end__ {Abs}
                        0x2000'0fff         Data  Gb  <internal module>
__ICFEDIT_region_RAM_start__ {Abs}
                        0x2000'0000         Data  Gb  <internal module>
__aeabi_idiv             0x800'24db         Code  Gb  I32DivModFast.o [3]
__aeabi_idiv0            0x800'25a9         Code  Gb  IntDivZer.o [3]
__aeabi_idivmod          0x800'24db         Code  Gb  I32DivModFast.o [3]
__aeabi_uidiv            0x800'24e1         Code  Gb  I32DivModFast.o [3]
__aeabi_uidivmod         0x800'24e1         Code  Gb  I32DivModFast.o [3]
__aeabi_uread4           0x800'2591         Code  Gb  uread4.o [3]
__cmain                  0x800'3d95         Code  Gb  cmain.o [3]
__exit                   0x800'3dcd   0x14  Code  Gb  exit.o [4]
__iar_data_init3         0x800'3d3d   0x28  Code  Gb  data_init.o [3]
__iar_program_start      0x800'3e0d         Code  Gb  cstartup_M.o [3]
__iar_zero_init3         0x800'3ccd   0x3c  Code  Gb  zero_init3.o [3]
__low_level_init         0x800'3db3    0x4  Code  Gb  low_level_init.o [2]
__vector_table           0x800'0000         Data  Gb  startup_stm32f030x6.o [1]
_call_main               0x800'3da1         Code  Gb  cmain.o [3]
_exit                    0x800'3dc1         Code  Gb  cexit.o [3]
_main                    0x800'3daf         Code  Gb  cmain.o [3]
digits8                  0x800'3c44   0x48  Data  Lc  main.o [1]
exit                     0x800'3db7    0x8  Code  Gb  exit.o [2]
flags                   0x2000'005c    0x2  Data  Gb  main.o [1]
main                     0x800'0155  0xede  Code  Gb  main.o [1]
memMap                   0x800'3b24   0x68  Data  Lc  main.o [1]
v                       0x2000'0000   0x58  Data  Gb  main.o [1]


[1] = D:\PROJECTS\MCU\___\PROJECTS\Funny_watch\IAR\Watch\Debug\Obj
[2] = dl6M_tln.a
[3] = rt6M_tl.a
[4] = shb_l.a

  9 874 bytes of readonly  code memory
  6 072 bytes of readonly  data memory
  1 118 bytes of readwrite data memory

Errors: none
Warnings: none
