###############################################################################
#
# IAR ELF Linker V8.32.1.169/W32 for ARM                  11/Sep/2020  20:11:09
# Copyright 2007-2018 IAR Systems AB.
#
#    Output file  =  
#        D:\PROJECTS\MCU\___\PROJECTS\Funny_watch\IAR\Watch\Debug\Exe\Clock_for_children_prj.out
#    Map file     =  
#        D:\PROJECTS\MCU\___\PROJECTS\Funny_watch\IAR\Watch\Debug\List\Clock_for_children_prj.map
#    Command line =  
#        -f C:\Users\USER~1.PC-\AppData\Local\Temp\EWDE17.tmp
#        (D:\PROJECTS\MCU\___\PROJECTS\Funny_watch\IAR\Watch\Debug\Obj\main.o
#        D:\PROJECTS\MCU\___\PROJECTS\Funny_watch\IAR\Watch\Debug\Obj\startup_stm32f030x6.o
#        --no_out_extension -o
#        D:\PROJECTS\MCU\___\PROJECTS\Funny_watch\IAR\Watch\Debug\Exe\Clock_for_children_prj.out
#        --redirect _Printf=_PrintfFullNoMb --redirect _Scanf=_ScanfFullNoMb
#        --map
#        D:\PROJECTS\MCU\___\PROJECTS\Funny_watch\IAR\Watch\Debug\List\Clock_for_children_prj.map
#        --config
#        D:\PROJECTS\MCU\___\PROJECTS\Funny_watch\IAR\Watch/stm32f030x6_flash.icf
#        --semihosting --entry __iar_program_start --vfe --text_out locale)
#
###############################################################################

*******************************************************************************
*** RUNTIME MODEL ATTRIBUTES
***

CppFlavor       = *
__SystemLibrary = DLib
__dlib_version  = 6


*******************************************************************************
*** HEAP SELECTION
***

The basic heap was selected because no calls to memory allocation
functions were found in the application outside of system library
functions, and there are calls to deallocation functions in the
application.


*******************************************************************************
*** PLACEMENT SUMMARY
***

"A0":  place at 0x800'0000 { ro section .intvec };
"P1":  place in [from 0x800'0000 to 0x800'7fff] { ro };
define block CSTACK with size = 1K, alignment = 8 { };
define block HEAP with size = 512, alignment = 8 { };
"P2":  place in [from 0x2000'0000 to 0x2000'0fff] {
          rw, block CSTACK, block HEAP };

  Section          Kind         Address    Size  Object
  -------          ----         -------    ----  ------
"A0":                                      0xb0
  .intvec          ro code   0x800'0000    0xb0  startup_stm32f030x6.o [1]
                           - 0x800'00b0    0xb0

"P1":                                    0x3d12
  .text            ro code   0x800'00b0  0x2376  main.o [1]
  .text            ro code   0x800'2426    0xe0  I32DivModFast.o [3]
  .text            ro code   0x800'2506     0x2  startup_stm32f030x6.o [1]
  .text            ro code   0x800'2508    0x16  uread4.o [3]
  .text            ro code   0x800'251e     0x2  startup_stm32f030x6.o [1]
  .text            ro code   0x800'2520     0x2  IntDivZer.o [3]
  .text            ro code   0x800'2522     0x2  startup_stm32f030x6.o [1]
  .rodata          const     0x800'2524   0xac4  main.o [1]
  .rodata          const     0x800'2fe8   0xab4  main.o [1]
  .rodata          const     0x800'3a9c    0x68  main.o [1]
  .rodata          const     0x800'3b04    0x64  main.o [1]
  .rodata          const     0x800'3b68    0x54  main.o [1]
  .rodata          const     0x800'3bbc    0x48  main.o [1]
  .rodata          const     0x800'3c04    0x40  main.o [1]
  .text            ro code   0x800'3c44    0x3c  zero_init3.o [3]
  .rodata          const     0x800'3c80    0x34  main.o [1]
  .text            ro code   0x800'3cb4    0x28  data_init.o [3]
  .iar.init_table  const     0x800'3cdc    0x10  - Linker created -
  .rodata          const     0x800'3cec    0x20  main.o [1]
  .text            ro code   0x800'3d0c    0x1e  cmain.o [3]
  .text            ro code   0x800'3d2a     0x4  low_level_init.o [2]
  .text            ro code   0x800'3d2e     0x8  exit.o [2]
  .text            ro code   0x800'3d36     0x2  startup_stm32f030x6.o [1]
  .text            ro code   0x800'3d38     0xa  cexit.o [3]
  .text            ro code   0x800'3d42     0x2  startup_stm32f030x6.o [1]
  .text            ro code   0x800'3d44    0x14  exit.o [4]
  .rodata          const     0x800'3d58    0x1c  main.o [1]
  .rodata          const     0x800'3d74    0x10  main.o [1]
  .text            ro code   0x800'3d84     0xc  cstartup_M.o [3]
  .rodata          const     0x800'3d90     0x8  main.o [1]
  .text            ro code   0x800'3d98     0x8  startup_stm32f030x6.o [1]
  .text            ro code   0x800'3da0     0x2  startup_stm32f030x6.o [1]
  .text            ro code   0x800'3da2     0x2  startup_stm32f030x6.o [1]
  .text            ro code   0x800'3da4     0x2  startup_stm32f030x6.o [1]
  .text            ro code   0x800'3da6     0x2  startup_stm32f030x6.o [1]
  .text            ro code   0x800'3da8     0x2  startup_stm32f030x6.o [1]
  .text            ro code   0x800'3daa     0x2  startup_stm32f030x6.o [1]
  .text            ro code   0x800'3dac     0x2  startup_stm32f030x6.o [1]
  .text            ro code   0x800'3dae     0x2  startup_stm32f030x6.o [1]
  .text            ro code   0x800'3db0     0x2  startup_stm32f030x6.o [1]
  .text            ro code   0x800'3db2     0x2  startup_stm32f030x6.o [1]
  .text            ro code   0x800'3db4     0x2  startup_stm32f030x6.o [1]
  .text            ro code   0x800'3db6     0x2  startup_stm32f030x6.o [1]
  .text            ro code   0x800'3db8     0x2  startup_stm32f030x6.o [1]
  .text            ro code   0x800'3dba     0x2  startup_stm32f030x6.o [1]
  .text            ro code   0x800'3dbc     0x2  startup_stm32f030x6.o [1]
  .text            ro code   0x800'3dbe     0x2  startup_stm32f030x6.o [1]
  .text            ro code   0x800'3dc0     0x2  startup_stm32f030x6.o [1]
  .rodata          const     0x800'3dc2     0x0  zero_init3.o [3]
                           - 0x800'3dc2  0x3d12

"P2", part 1 of 2:                         0x60
  .bss             zero     0x2000'0000    0x58  main.o [1]
  .bss             zero     0x2000'0058     0x4  main.o [1]
  .bss             zero     0x2000'005c     0x2  main.o [1]
                          - 0x2000'005e    0x5e

"P2", part 2 of 2:                        0x400
  CSTACK                    0x2000'0060   0x400  <Block>
    CSTACK         uninit   0x2000'0060   0x400  <Block tail>
                          - 0x2000'0460   0x400

Unused ranges:

         From           To    Size
         ----           --    ----
   0x800'3dc2   0x800'7fff  0x423e
  0x2000'0460  0x2000'0fff   0xba0


*******************************************************************************
*** INIT TABLE
***

          Address      Size
          -------      ----
Zero (__iar_zero_init3)
    1 destination range, total size 0x5e:
          0x2000'0000  0x5e



*******************************************************************************
*** MODULE SUMMARY
***

    Module                 ro code  ro data  rw data
    ------                 -------  -------  -------
command line/config:
    ------------------------------------------------
    Total:

D:\PROJECTS\MCU\___\PROJECTS\Funny_watch\IAR\Watch\Debug\Obj: [1]
    main.o                   9 078    6 056       94
    startup_stm32f030x6.o      228
    ------------------------------------------------
    Total:                   9 306    6 056       94

dl6M_tln.a: [2]
    exit.o                       8
    low_level_init.o             4
    ------------------------------------------------
    Total:                      12

rt6M_tl.a: [3]
    I32DivModFast.o            224
    IntDivZer.o                  2
    cexit.o                     10
    cmain.o                     30
    cstartup_M.o                12
    data_init.o                 40
    uread4.o                    22
    zero_init3.o                60
    ------------------------------------------------
    Total:                     400

shb_l.a: [4]
    exit.o                      20
    ------------------------------------------------
    Total:                      20

    Linker created                       16    1 024
----------------------------------------------------
    Grand Total:             9 738    6 072    1 118


*******************************************************************************
*** ENTRY LIST
***

Entry                       Address   Size  Type      Object
-----                       -------   ----  ----      ------
.iar.init_table$$Base    0x800'3cdc          --   Gb  - Linker created -
.iar.init_table$$Limit   0x800'3cec          --   Gb  - Linker created -
?main                    0x800'3d0d         Code  Gb  cmain.o [3]
ABC                      0x800'3cec   0x20  Data  Lc  main.o [1]
Alarm_ShowDowCheckboxes
                         0x800'1ee9   0x96  Code  Gb  main.o [1]
BmpHeader16             0x2000'0058    0x4  Data  Gb  main.o [1]
CSTACK$$Base            0x2000'0060          --   Gb  - Linker created -
CSTACK$$Limit           0x2000'0460          --   Gb  - Linker created -
CharCount                0x800'2221   0x18  Code  Gb  main.o [1]
ConvertToBCD             0x800'1fb9   0x5e  Code  Gb  main.o [1]
Date_GetDayOfWeek        0x800'1e45   0x7a  Code  Gb  main.o [1]
Date_Show                0x800'1c7d  0x1bc  Code  Gb  main.o [1]
Delay                    0x800'113d    0xe  Code  Gb  main.o [1]
EXTI4_15_IRQHandler      0x800'10df   0x56  Code  Gb  main.o [1]
L24X27                   0x800'2524  0xac4  Data  Lc  main.o [1]
L24X27FUN                0x800'2fe8  0xab4  Data  Lc  main.o [1]
LCD_FillRectangle        0x800'12dd   0x64  Code  Gb  main.o [1]
LCD_Init                 0x800'115d   0xb6  Code  Gb  main.o [1]
LCD_SetWindow            0x800'1219   0xc4  Code  Gb  main.o [1]
LCD_ShowDigits           0x800'1735   0x58  Code  Gb  main.o [1]
LCD_ShowImage16FromMem   0x800'13bd   0xea  Code  Gb  main.o [1]
LCD_ShowImage2FromRom    0x800'14b5  0x1a0  Code  Gb  main.o [1]
LCD_ShowText             0x800'1661   0xcc  Code  Gb  main.o [1]
LcdInitData              0x800'3b04   0x64  Data  Lc  main.o [1]
LoadFromRom              0x800'22d9   0xaa  Code  Gb  main.o [1]
MemReadSequence          0x800'2403   0x24  Code  Gb  main.o [1]
MemWaitForWriteEnd       0x800'23b9   0x20  Code  Gb  main.o [1]
MemWriteEnable           0x800'238d   0x2c  Code  Gb  main.o [1]
MemWriteSequence         0x800'23e1   0x22  Code  Gb  main.o [1]
NVIC_EnableIRQ           0x800'00b1    0xe  Code  Lc  main.o [1]
NVIC_SetPriority         0x800'00bf   0x8a  Code  Lc  main.o [1]
ProcessTouching          0x800'2017  0x204  Code  Gb  main.o [1]
RTC_IRQHandler           0x800'10b5   0x2a  Code  Gb  main.o [1]
Region$$Table$$Base      0x800'3cdc          --   Gb  - Linker created -
Region$$Table$$Limit     0x800'3cec          --   Gb  - Linker created -
SPI_Exchange             0x800'1371   0x14  Code  Gb  main.o [1]
SPI_FlushRX              0x800'1389   0x18  Code  Gb  main.o [1]
SPI_Send2                0x800'1341   0x2c  Code  Gb  main.o [1]
SaveToRom                0x800'2239   0x8a  Code  Gb  main.o [1]
SysTick_Handler          0x800'0feb   0xc6  Code  Gb  main.o [1]
TDAYS                    0x800'3c04   0x40  Data  Lc  main.o [1]
TDaysIDx                 0x800'3d90    0x8  Data  Lc  main.o [1]
TMONTHS                  0x800'3b68   0x54  Data  Lc  main.o [1]
TMessages                0x800'3c80   0x34  Data  Lc  main.o [1]
TMonths_IDx              0x800'3d74   0x10  Data  Lc  main.o [1]
TShortDAYS               0x800'3d58   0x1c  Data  Lc  main.o [1]
Time_Add                 0x800'1af9   0x76  Code  Gb  main.o [1]
Time_SetCalendarTM       0x800'1c09   0x64  Code  Gb  main.o [1]
Time_Show                0x800'17a5  0x344  Code  Gb  main.o [1]
Time_Sub                 0x800'1b7d   0x86  Code  Gb  main.o [1]
__ICFEDIT_region_RAM_end__ {Abs}
                        0x2000'0fff         Data  Gb  <internal module>
__ICFEDIT_region_RAM_start__ {Abs}
                        0x2000'0000         Data  Gb  <internal module>
__aeabi_idiv             0x800'2453         Code  Gb  I32DivModFast.o [3]
__aeabi_idiv0            0x800'2521         Code  Gb  IntDivZer.o [3]
__aeabi_idivmod          0x800'2453         Code  Gb  I32DivModFast.o [3]
__aeabi_uidiv            0x800'2459         Code  Gb  I32DivModFast.o [3]
__aeabi_uidivmod         0x800'2459         Code  Gb  I32DivModFast.o [3]
__aeabi_uread4           0x800'2509         Code  Gb  uread4.o [3]
__cmain                  0x800'3d0d         Code  Gb  cmain.o [3]
__exit                   0x800'3d45   0x14  Code  Gb  exit.o [4]
__iar_data_init3         0x800'3cb5   0x28  Code  Gb  data_init.o [3]
__iar_program_start      0x800'3d85         Code  Gb  cstartup_M.o [3]
__iar_zero_init3         0x800'3c45   0x3c  Code  Gb  zero_init3.o [3]
__low_level_init         0x800'3d2b    0x4  Code  Gb  low_level_init.o [2]
__vector_table           0x800'0000         Data  Gb  startup_stm32f030x6.o [1]
_call_main               0x800'3d19         Code  Gb  cmain.o [3]
_exit                    0x800'3d39         Code  Gb  cexit.o [3]
_main                    0x800'3d27         Code  Gb  cmain.o [3]
digits8                  0x800'3bbc   0x48  Data  Lc  main.o [1]
exit                     0x800'3d2f    0x8  Code  Gb  exit.o [2]
flags                   0x2000'005c    0x2  Data  Gb  main.o [1]
main                     0x800'0155  0xe96  Code  Gb  main.o [1]
memMap                   0x800'3a9c   0x68  Data  Lc  main.o [1]
v                       0x2000'0000   0x58  Data  Gb  main.o [1]


[1] = D:\PROJECTS\MCU\___\PROJECTS\Funny_watch\IAR\Watch\Debug\Obj
[2] = dl6M_tln.a
[3] = rt6M_tl.a
[4] = shb_l.a

  9 738 bytes of readonly  code memory
  6 072 bytes of readonly  data memory
  1 118 bytes of readwrite data memory

Errors: none
Warnings: none
