###############################################################################
#
# IAR ELF Linker V8.32.1.169/W32 for ARM                  12/Sep/2020  15:47:16
# Copyright 2007-2018 IAR Systems AB.
#
#    Output file  =  
#        D:\PROJECTS\MCU\___\PROJECTS\Funny_watch\IAR\Watch\Debug\Exe\Clock_for_children_prj.out
#    Map file     =  
#        D:\PROJECTS\MCU\___\PROJECTS\Funny_watch\IAR\Watch\Debug\List\Clock_for_children_prj.map
#    Command line =  
#        -f C:\Users\USER~1.PC-\AppData\Local\Temp\EWD252.tmp
#        (D:\PROJECTS\MCU\___\PROJECTS\Funny_watch\IAR\Watch\Debug\Obj\main.o
#        D:\PROJECTS\MCU\___\PROJECTS\Funny_watch\IAR\Watch\Debug\Obj\startup_stm32f030x6.o
#        --no_out_extension -o
#        D:\PROJECTS\MCU\___\PROJECTS\Funny_watch\IAR\Watch\Debug\Exe\Clock_for_children_prj.out
#        --redirect _Printf=_PrintfFullNoMb --redirect _Scanf=_ScanfFullNoMb
#        --map
#        D:\PROJECTS\MCU\___\PROJECTS\Funny_watch\IAR\Watch\Debug\List\Clock_for_children_prj.map
#        --config
#        D:\PROJECTS\MCU\___\PROJECTS\Funny_watch\IAR\Watch/stm32f030x6_flash.icf
#        --semihosting --entry __iar_program_start --vfe --text_out locale)
#
###############################################################################

*******************************************************************************
*** RUNTIME MODEL ATTRIBUTES
***

CppFlavor       = *
__SystemLibrary = DLib
__dlib_version  = 6


*******************************************************************************
*** HEAP SELECTION
***

The basic heap was selected because no calls to memory allocation
functions were found in the application outside of system library
functions, and there are calls to deallocation functions in the
application.


*******************************************************************************
*** PLACEMENT SUMMARY
***

"A0":  place at 0x800'0000 { ro section .intvec };
"P1":  place in [from 0x800'0000 to 0x800'7fff] { ro };
define block CSTACK with size = 1K, alignment = 8 { };
define block HEAP with size = 512, alignment = 8 { };
"P2":  place in [from 0x2000'0000 to 0x2000'0fff] {
          rw, block CSTACK, block HEAP };

  Section          Kind         Address    Size  Object
  -------          ----         -------    ----  ------
"A0":                                      0xb0
  .intvec          ro code   0x800'0000    0xb0  startup_stm32f030x6.o [1]
                           - 0x800'00b0    0xb0

"P1":                                    0x3cda
  .text            ro code   0x800'00b0  0x233e  main.o [1]
  .text            ro code   0x800'23ee    0xe0  I32DivModFast.o [3]
  .text            ro code   0x800'24ce     0x2  startup_stm32f030x6.o [1]
  .text            ro code   0x800'24d0    0x16  uread4.o [3]
  .text            ro code   0x800'24e6     0x2  startup_stm32f030x6.o [1]
  .text            ro code   0x800'24e8     0x2  IntDivZer.o [3]
  .text            ro code   0x800'24ea     0x2  startup_stm32f030x6.o [1]
  .rodata          const     0x800'24ec   0xac4  main.o [1]
  .rodata          const     0x800'2fb0   0xab4  main.o [1]
  .rodata          const     0x800'3a64    0x68  main.o [1]
  .rodata          const     0x800'3acc    0x64  main.o [1]
  .rodata          const     0x800'3b30    0x54  main.o [1]
  .rodata          const     0x800'3b84    0x48  main.o [1]
  .rodata          const     0x800'3bcc    0x40  main.o [1]
  .text            ro code   0x800'3c0c    0x3c  zero_init3.o [3]
  .rodata          const     0x800'3c48    0x34  main.o [1]
  .text            ro code   0x800'3c7c    0x28  data_init.o [3]
  .iar.init_table  const     0x800'3ca4    0x10  - Linker created -
  .rodata          const     0x800'3cb4    0x20  main.o [1]
  .text            ro code   0x800'3cd4    0x1e  cmain.o [3]
  .text            ro code   0x800'3cf2     0x4  low_level_init.o [2]
  .text            ro code   0x800'3cf6     0x8  exit.o [2]
  .text            ro code   0x800'3cfe     0x2  startup_stm32f030x6.o [1]
  .text            ro code   0x800'3d00     0xa  cexit.o [3]
  .text            ro code   0x800'3d0a     0x2  startup_stm32f030x6.o [1]
  .text            ro code   0x800'3d0c    0x14  exit.o [4]
  .rodata          const     0x800'3d20    0x1c  main.o [1]
  .rodata          const     0x800'3d3c    0x10  main.o [1]
  .text            ro code   0x800'3d4c     0xc  cstartup_M.o [3]
  .rodata          const     0x800'3d58     0x8  main.o [1]
  .text            ro code   0x800'3d60     0x8  startup_stm32f030x6.o [1]
  .text            ro code   0x800'3d68     0x2  startup_stm32f030x6.o [1]
  .text            ro code   0x800'3d6a     0x2  startup_stm32f030x6.o [1]
  .text            ro code   0x800'3d6c     0x2  startup_stm32f030x6.o [1]
  .text            ro code   0x800'3d6e     0x2  startup_stm32f030x6.o [1]
  .text            ro code   0x800'3d70     0x2  startup_stm32f030x6.o [1]
  .text            ro code   0x800'3d72     0x2  startup_stm32f030x6.o [1]
  .text            ro code   0x800'3d74     0x2  startup_stm32f030x6.o [1]
  .text            ro code   0x800'3d76     0x2  startup_stm32f030x6.o [1]
  .text            ro code   0x800'3d78     0x2  startup_stm32f030x6.o [1]
  .text            ro code   0x800'3d7a     0x2  startup_stm32f030x6.o [1]
  .text            ro code   0x800'3d7c     0x2  startup_stm32f030x6.o [1]
  .text            ro code   0x800'3d7e     0x2  startup_stm32f030x6.o [1]
  .text            ro code   0x800'3d80     0x2  startup_stm32f030x6.o [1]
  .text            ro code   0x800'3d82     0x2  startup_stm32f030x6.o [1]
  .text            ro code   0x800'3d84     0x2  startup_stm32f030x6.o [1]
  .text            ro code   0x800'3d86     0x2  startup_stm32f030x6.o [1]
  .text            ro code   0x800'3d88     0x2  startup_stm32f030x6.o [1]
  .rodata          const     0x800'3d8a     0x0  zero_init3.o [3]
                           - 0x800'3d8a  0x3cda

"P2", part 1 of 2:                         0x60
  .bss             zero     0x2000'0000    0x58  main.o [1]
  .bss             zero     0x2000'0058     0x4  main.o [1]
  .bss             zero     0x2000'005c     0x2  main.o [1]
                          - 0x2000'005e    0x5e

"P2", part 2 of 2:                        0x400
  CSTACK                    0x2000'0060   0x400  <Block>
    CSTACK         uninit   0x2000'0060   0x400  <Block tail>
                          - 0x2000'0460   0x400

Unused ranges:

         From           To    Size
         ----           --    ----
   0x800'3d8a   0x800'7fff  0x4276
  0x2000'0460  0x2000'0fff   0xba0


*******************************************************************************
*** INIT TABLE
***

          Address      Size
          -------      ----
Zero (__iar_zero_init3)
    1 destination range, total size 0x5e:
          0x2000'0000  0x5e



*******************************************************************************
*** MODULE SUMMARY
***

    Module                 ro code  ro data  rw data
    ------                 -------  -------  -------
command line/config:
    ------------------------------------------------
    Total:

D:\PROJECTS\MCU\___\PROJECTS\Funny_watch\IAR\Watch\Debug\Obj: [1]
    main.o                   9 022    6 056       94
    startup_stm32f030x6.o      228
    ------------------------------------------------
    Total:                   9 250    6 056       94

dl6M_tln.a: [2]
    exit.o                       8
    low_level_init.o             4
    ------------------------------------------------
    Total:                      12

rt6M_tl.a: [3]
    I32DivModFast.o            224
    IntDivZer.o                  2
    cexit.o                     10
    cmain.o                     30
    cstartup_M.o                12
    data_init.o                 40
    uread4.o                    22
    zero_init3.o                60
    ------------------------------------------------
    Total:                     400

shb_l.a: [4]
    exit.o                      20
    ------------------------------------------------
    Total:                      20

    Linker created                       16    1 024
----------------------------------------------------
    Grand Total:             9 682    6 072    1 118


*******************************************************************************
*** ENTRY LIST
***

Entry                       Address   Size  Type      Object
-----                       -------   ----  ----      ------
.iar.init_table$$Base    0x800'3ca4          --   Gb  - Linker created -
.iar.init_table$$Limit   0x800'3cb4          --   Gb  - Linker created -
?main                    0x800'3cd5         Code  Gb  cmain.o [3]
ABC                      0x800'3cb4   0x20  Data  Lc  main.o [1]
Alarm_ShowDowCheckboxes
                         0x800'1eb1   0x96  Code  Gb  main.o [1]
BmpHeader16             0x2000'0058    0x4  Data  Gb  main.o [1]
CSTACK$$Base            0x2000'0060          --   Gb  - Linker created -
CSTACK$$Limit           0x2000'0460          --   Gb  - Linker created -
CharCount                0x800'21e9   0x18  Code  Gb  main.o [1]
ConvertToBCD             0x800'1f81   0x5e  Code  Gb  main.o [1]
Date_GetDayOfWeek        0x800'1e0d   0x7a  Code  Gb  main.o [1]
Date_Show                0x800'1c45  0x1bc  Code  Gb  main.o [1]
Delay                    0x800'1111    0xe  Code  Gb  main.o [1]
EXTI4_15_IRQHandler      0x800'10b3   0x56  Code  Gb  main.o [1]
L24X27                   0x800'24ec  0xac4  Data  Lc  main.o [1]
L24X27FUN                0x800'2fb0  0xab4  Data  Lc  main.o [1]
LCD_FillRectangle        0x800'12b1   0x56  Code  Gb  main.o [1]
LCD_Init                 0x800'1131   0xb6  Code  Gb  main.o [1]
LCD_SetWindow            0x800'11ed   0xc4  Code  Gb  main.o [1]
LCD_ShowDigits           0x800'16fd   0x58  Code  Gb  main.o [1]
LCD_ShowImage16FromMem   0x800'1385   0xea  Code  Gb  main.o [1]
LCD_ShowImage2FromRom    0x800'147d  0x1a0  Code  Gb  main.o [1]
LCD_ShowText             0x800'1629   0xcc  Code  Gb  main.o [1]
LcdInitData              0x800'3acc   0x64  Data  Lc  main.o [1]
LoadFromRom              0x800'22a1   0xaa  Code  Gb  main.o [1]
MemReadSequence          0x800'23cb   0x24  Code  Gb  main.o [1]
MemWaitForWriteEnd       0x800'2381   0x20  Code  Gb  main.o [1]
MemWriteEnable           0x800'2355   0x2c  Code  Gb  main.o [1]
MemWriteSequence         0x800'23a9   0x22  Code  Gb  main.o [1]
NVIC_EnableIRQ           0x800'00b1    0xe  Code  Lc  main.o [1]
NVIC_SetPriority         0x800'00bf   0x8a  Code  Lc  main.o [1]
ProcessTouching          0x800'1fdf  0x204  Code  Gb  main.o [1]
RTC_IRQHandler           0x800'1089   0x2a  Code  Gb  main.o [1]
Region$$Table$$Base      0x800'3ca4          --   Gb  - Linker created -
Region$$Table$$Limit     0x800'3cb4          --   Gb  - Linker created -
SPI_Exchange             0x800'1339   0x14  Code  Gb  main.o [1]
SPI_FlushRX              0x800'134d   0x18  Code  Gb  main.o [1]
SPI_Send2                0x800'1307   0x2c  Code  Gb  main.o [1]
SaveToRom                0x800'2201   0x8a  Code  Gb  main.o [1]
SysTick_Handler          0x800'0fbf   0xc6  Code  Gb  main.o [1]
TDAYS                    0x800'3bcc   0x40  Data  Lc  main.o [1]
TDaysIDx                 0x800'3d58    0x8  Data  Lc  main.o [1]
TMONTHS                  0x800'3b30   0x54  Data  Lc  main.o [1]
TMessages                0x800'3c48   0x34  Data  Lc  main.o [1]
TMonths_IDx              0x800'3d3c   0x10  Data  Lc  main.o [1]
TShortDAYS               0x800'3d20   0x1c  Data  Lc  main.o [1]
Time_Add                 0x800'1ac1   0x76  Code  Gb  main.o [1]
Time_SetCalendarTM       0x800'1bd1   0x64  Code  Gb  main.o [1]
Time_Show                0x800'176d  0x344  Code  Gb  main.o [1]
Time_Sub                 0x800'1b45   0x86  Code  Gb  main.o [1]
__ICFEDIT_region_RAM_end__ {Abs}
                        0x2000'0fff         Data  Gb  <internal module>
__ICFEDIT_region_RAM_start__ {Abs}
                        0x2000'0000         Data  Gb  <internal module>
__aeabi_idiv             0x800'241b         Code  Gb  I32DivModFast.o [3]
__aeabi_idiv0            0x800'24e9         Code  Gb  IntDivZer.o [3]
__aeabi_idivmod          0x800'241b         Code  Gb  I32DivModFast.o [3]
__aeabi_uidiv            0x800'2421         Code  Gb  I32DivModFast.o [3]
__aeabi_uidivmod         0x800'2421         Code  Gb  I32DivModFast.o [3]
__aeabi_uread4           0x800'24d1         Code  Gb  uread4.o [3]
__cmain                  0x800'3cd5         Code  Gb  cmain.o [3]
__exit                   0x800'3d0d   0x14  Code  Gb  exit.o [4]
__iar_data_init3         0x800'3c7d   0x28  Code  Gb  data_init.o [3]
__iar_program_start      0x800'3d4d         Code  Gb  cstartup_M.o [3]
__iar_zero_init3         0x800'3c0d   0x3c  Code  Gb  zero_init3.o [3]
__low_level_init         0x800'3cf3    0x4  Code  Gb  low_level_init.o [2]
__vector_table           0x800'0000         Data  Gb  startup_stm32f030x6.o [1]
_call_main               0x800'3ce1         Code  Gb  cmain.o [3]
_exit                    0x800'3d01         Code  Gb  cexit.o [3]
_main                    0x800'3cef         Code  Gb  cmain.o [3]
digits8                  0x800'3b84   0x48  Data  Lc  main.o [1]
exit                     0x800'3cf7    0x8  Code  Gb  exit.o [2]
flags                   0x2000'005c    0x2  Data  Gb  main.o [1]
main                     0x800'0155  0xe6a  Code  Gb  main.o [1]
memMap                   0x800'3a64   0x68  Data  Lc  main.o [1]
v                       0x2000'0000   0x58  Data  Gb  main.o [1]


[1] = D:\PROJECTS\MCU\___\PROJECTS\Funny_watch\IAR\Watch\Debug\Obj
[2] = dl6M_tln.a
[3] = rt6M_tl.a
[4] = shb_l.a

  9 682 bytes of readonly  code memory
  6 072 bytes of readonly  data memory
  1 118 bytes of readwrite data memory

Errors: none
Warnings: none
