###############################################################################
#
# IAR ELF Linker V8.32.1.169/W32 for ARM                  22/Feb/2019  21:19:29
# Copyright 2007-2018 IAR Systems AB.
#
#    Output file  =  
#        C:\_\MY\MCU\___\PROJECTS\009. Clock for
#        children\IAR_OLD\test03_TouchScreen_TJCTM24024-SPI\Debug\Exe\c.out
#    Map file     =  
#        C:\_\MY\MCU\___\PROJECTS\009. Clock for
#        children\IAR_OLD\test03_TouchScreen_TJCTM24024-SPI\Debug\List\c.map
#    Command line =  
#        -f C:\Users\user\AppData\Local\Temp\EW9F67.tmp
#        ("C:\_\MY\MCU\___\PROJECTS\009. Clock for
#        children\IAR_OLD\test03_TouchScreen_TJCTM24024-SPI\Debug\Obj\main.o"
#        "C:\_\MY\MCU\___\PROJECTS\009. Clock for
#        children\IAR_OLD\test03_TouchScreen_TJCTM24024-SPI\Debug\Obj\startup_stm32f030x6.o"
#        --no_out_extension -o "C:\_\MY\MCU\___\PROJECTS\009. Clock for
#        children\IAR_OLD\test03_TouchScreen_TJCTM24024-SPI\Debug\Exe\c.out"
#        --redirect _Printf=_PrintfFullNoMb --redirect _Scanf=_ScanfFullNoMb
#        --map "C:\_\MY\MCU\___\PROJECTS\009. Clock for
#        children\IAR_OLD\test03_TouchScreen_TJCTM24024-SPI\Debug\List\c.map"
#        --config "C:\_\MY\MCU\___\PROJECTS\009. Clock for
#        children\IAR_OLD\test03_TouchScreen_TJCTM24024-SPI/stm32f030x6_flash.icf"
#        --semihosting --entry __iar_program_start --vfe --text_out locale)
#
###############################################################################

*******************************************************************************
*** RUNTIME MODEL ATTRIBUTES
***

CppFlavor       = *
__SystemLibrary = DLib
__dlib_version  = 6


*******************************************************************************
*** HEAP SELECTION
***

The basic heap was selected because no calls to memory allocation
functions were found in the application outside of system library
functions, and there are calls to deallocation functions in the
application.


*******************************************************************************
*** PLACEMENT SUMMARY
***

"A0":  place at 0x800'0000 { ro section .intvec };
"P1":  place in [from 0x800'0000 to 0x800'7fff] { ro };
define block CSTACK with size = 1K, alignment = 8 { };
define block HEAP with size = 512, alignment = 8 { };
"P2":  place in [from 0x2000'0000 to 0x2000'0fff] {
          rw, block CSTACK, block HEAP };

  Section          Kind         Address    Size  Object
  -------          ----         -------    ----  ------
"A0":                                      0xb0
  .intvec          ro code   0x800'0000    0xb0  startup_stm32f030x6.o [1]
                           - 0x800'00b0    0xb0

"P1":                                    0x39b6
  .rodata          const     0x800'00b0  0x1a28  main.o [1]
  .rodata          const     0x800'1ad8   0xe08  main.o [1]
  .text            ro code   0x800'28e0   0xd90  main.o [1]
  .text            ro code   0x800'3670    0xe0  I32DivModFast.o [3]
  .text            ro code   0x800'3750     0x2  IntDivZer.o [3]
  .text            ro code   0x800'3752     0x2  startup_stm32f030x6.o [1]
  .rodata          const     0x800'3754   0x100  main.o [1]
  .rodata          const     0x800'3854    0x64  main.o [1]
  .rodata          const     0x800'38b8    0x58  main.o [1]
  .text            ro code   0x800'3910    0x3c  zero_init3.o [3]
  .rodata          const     0x800'394c    0x34  main.o [1]
  .text            ro code   0x800'3980    0x28  data_init.o [3]
  .iar.init_table  const     0x800'39a8    0x10  - Linker created -
  .text            ro code   0x800'39b8    0x1e  cmain.o [3]
  .text            ro code   0x800'39d6     0x4  low_level_init.o [2]
  .text            ro code   0x800'39da     0x8  exit.o [2]
  .text            ro code   0x800'39e2     0x2  startup_stm32f030x6.o [1]
  .text            ro code   0x800'39e4     0xa  cexit.o [3]
  .text            ro code   0x800'39ee     0x2  startup_stm32f030x6.o [1]
  .text            ro code   0x800'39f0    0x14  exit.o [4]
  .rodata          const     0x800'3a04    0x18  main.o [1]
  .text            ro code   0x800'3a1c     0xc  cstartup_M.o [3]
  .rodata          const     0x800'3a28     0x8  main.o [1]
  .rodata          const     0x800'3a30     0x8  main.o [1]
  .text            ro code   0x800'3a38     0x8  startup_stm32f030x6.o [1]
  .text            ro code   0x800'3a40     0x2  startup_stm32f030x6.o [1]
  .text            ro code   0x800'3a42     0x2  startup_stm32f030x6.o [1]
  .text            ro code   0x800'3a44     0x2  startup_stm32f030x6.o [1]
  .text            ro code   0x800'3a46     0x2  startup_stm32f030x6.o [1]
  .text            ro code   0x800'3a48     0x2  startup_stm32f030x6.o [1]
  .text            ro code   0x800'3a4a     0x2  startup_stm32f030x6.o [1]
  .text            ro code   0x800'3a4c     0x2  startup_stm32f030x6.o [1]
  .text            ro code   0x800'3a4e     0x2  startup_stm32f030x6.o [1]
  .text            ro code   0x800'3a50     0x2  startup_stm32f030x6.o [1]
  .text            ro code   0x800'3a52     0x2  startup_stm32f030x6.o [1]
  .text            ro code   0x800'3a54     0x2  startup_stm32f030x6.o [1]
  .text            ro code   0x800'3a56     0x2  startup_stm32f030x6.o [1]
  .text            ro code   0x800'3a58     0x2  startup_stm32f030x6.o [1]
  .text            ro code   0x800'3a5a     0x2  startup_stm32f030x6.o [1]
  .text            ro code   0x800'3a5c     0x2  startup_stm32f030x6.o [1]
  .text            ro code   0x800'3a5e     0x2  startup_stm32f030x6.o [1]
  .text            ro code   0x800'3a60     0x2  startup_stm32f030x6.o [1]
  .text            ro code   0x800'3a62     0x2  startup_stm32f030x6.o [1]
  .text            ro code   0x800'3a64     0x2  startup_stm32f030x6.o [1]
  .rodata          const     0x800'3a66     0x0  zero_init3.o [3]
                           - 0x800'3a66  0x39b6

"P2", part 1 of 2:                         0x24
  .bss             zero     0x2000'0000    0x18  main.o [1]
  .bss             zero     0x2000'0018     0xc  main.o [1]
                          - 0x2000'0024    0x24

"P2", part 2 of 2:                        0x400
  CSTACK                    0x2000'0028   0x400  <Block>
    CSTACK         uninit   0x2000'0028   0x400  <Block tail>
                          - 0x2000'0428   0x400

Unused ranges:

         From           To    Size
         ----           --    ----
   0x800'3a66   0x800'7fff  0x459a
  0x2000'0024  0x2000'0027     0x4
  0x2000'0428  0x2000'0fff   0xbd8


*******************************************************************************
*** INIT TABLE
***

          Address      Size
          -------      ----
Zero (__iar_zero_init3)
    1 destination range, total size 0x24:
          0x2000'0000  0x24



*******************************************************************************
*** MODULE SUMMARY
***

    Module                 ro code  ro data  rw data
    ------                 -------  -------  -------
command line/config:
    ------------------------------------------------
    Total:

C:\_\MY\MCU\___\PROJECTS\009. Clock for children\IAR_OLD\test03_TouchScreen_TJCTM24024-SPI\Debug\Obj: [1]
    main.o                   3 472   10 824       36
    startup_stm32f030x6.o      228
    ------------------------------------------------
    Total:                   3 700   10 824       36

dl6M_tln.a: [2]
    exit.o                       8
    low_level_init.o             4
    ------------------------------------------------
    Total:                      12

rt6M_tl.a: [3]
    I32DivModFast.o            224
    IntDivZer.o                  2
    cexit.o                     10
    cmain.o                     30
    cstartup_M.o                12
    data_init.o                 40
    zero_init3.o                60
    ------------------------------------------------
    Total:                     378

shb_l.a: [4]
    exit.o                      20
    ------------------------------------------------
    Total:                      20

    Linker created                       16    1 024
----------------------------------------------------
    Grand Total:             4 110   10 840    1 060


*******************************************************************************
*** ENTRY LIST
***

Entry                       Address    Size  Type      Object
-----                       -------    ----  ----      ------
.iar.init_table$$Base    0x800'39a8           --   Gb  - Linker created -
.iar.init_table$$Limit   0x800'39b8           --   Gb  - Linker created -
?main                    0x800'39b9          Code  Gb  cmain.o [3]
CSTACK$$Base            0x2000'0028           --   Gb  - Linker created -
CSTACK$$Limit           0x2000'0428           --   Gb  - Linker created -
Calendar_FindDayNameByNumber
                         0x800'354d    0x24  Code  Gb  main.o [1]
D56X93                   0x800'00b0  0x1a28  Data  Lc  main.o [1]
Delay                    0x800'31dd     0xe  Code  Gb  main.o [1]
EXTI0_1_IRQHandler       0x800'31b1    0x22  Code  Gb  main.o [1]
L24X27                   0x800'1ad8   0xe08  Data  Lc  main.o [1]
LCD_FillBackground       0x800'32e5    0x28  Code  Gb  main.o [1]
LCD_Init                 0x800'3209    0xcc  Code  Gb  main.o [1]
LCD_SetWindow            0x800'330d    0xb8  Code  Gb  main.o [1]
LCD_ShowChar             0x800'33e9    0x88  Code  Gb  main.o [1]
LCD_ShowText             0x800'3471    0xd6  Code  Gb  main.o [1]
LcdInitData              0x800'3854    0x64  Data  Lc  main.o [1]
NVIC_EnableIRQ           0x800'28e1     0xe  Code  Lc  main.o [1]
NVIC_SetPriority         0x800'28ef    0x8c  Code  Lc  main.o [1]
OW_Data                 0x2000'0018     0xc  Data  Gb  main.o [1]
OW_PresenceDetected      0x800'35a1    0x4a  Code  Gb  main.o [1]
OW_ReadByte              0x800'364b    0x26  Code  Gb  main.o [1]
OW_SendBit               0x800'3605     0x6  Code  Gb  main.o [1]
OW_SendByte              0x800'360b    0x40  Code  Gb  main.o [1]
Region$$Table$$Base      0x800'39a8           --   Gb  - Linker created -
Region$$Table$$Limit     0x800'39b8           --   Gb  - Linker created -
SPI_DataStream           0x800'3571    0x10  Code  Gb  main.o [1]
SPI_SingleData           0x800'3581    0x20  Code  Gb  main.o [1]
SysTick_Handler          0x800'2dad    0x12  Code  Gb  main.o [1]
TCRC                     0x800'3754   0x100  Data  Lc  main.o [1]
TDAYS                    0x800'38b8    0x58  Data  Lc  main.o [1]
TDIGITS                  0x800'3a04    0x18  Data  Lc  main.o [1]
TIM3_IRQHandler          0x800'2e51   0x34a  Code  Gb  main.o [1]
TMONTHS                  0x800'394c    0x34  Data  Lc  main.o [1]
__ICFEDIT_region_RAM_end__ {Abs}
                        0x2000'0fff          Data  Gb  <internal module>
__ICFEDIT_region_RAM_start__ {Abs}
                        0x2000'0000          Data  Gb  <internal module>
__aeabi_idiv             0x800'369d          Code  Gb  I32DivModFast.o [3]
__aeabi_idiv0            0x800'3751          Code  Gb  IntDivZer.o [3]
__aeabi_idivmod          0x800'369d          Code  Gb  I32DivModFast.o [3]
__aeabi_uidiv            0x800'36a3          Code  Gb  I32DivModFast.o [3]
__aeabi_uidivmod         0x800'36a3          Code  Gb  I32DivModFast.o [3]
__cmain                  0x800'39b9          Code  Gb  cmain.o [3]
__exit                   0x800'39f1    0x14  Code  Gb  exit.o [4]
__iar_data_init3         0x800'3981    0x28  Code  Gb  data_init.o [3]
__iar_program_start      0x800'3a1d          Code  Gb  cstartup_M.o [3]
__iar_zero_init3         0x800'3911    0x3c  Code  Gb  zero_init3.o [3]
__low_level_init         0x800'39d7     0x4  Code  Gb  low_level_init.o [2]
__vector_table           0x800'0000          Data  Gb  startup_stm32f030x6.o [1]
_call_main               0x800'39c5          Code  Gb  cmain.o [3]
_exit                    0x800'39e5          Code  Gb  cexit.o [3]
_main                    0x800'39d3          Code  Gb  cmain.o [3]
exit                     0x800'39db     0x8  Code  Gb  exit.o [2]
main                     0x800'2989   0x3e4  Code  Gb  main.o [1]
v                       0x2000'0000    0x18  Data  Gb  main.o [1]


[1] = C:\_\MY\MCU\___\PROJECTS\009. Clock for children\IAR_OLD\test03_TouchScreen_TJCTM24024-SPI\Debug\Obj
[2] = dl6M_tln.a
[3] = rt6M_tl.a
[4] = shb_l.a

   4 110 bytes of readonly  code memory
  10 840 bytes of readonly  data memory
   1 060 bytes of readwrite data memory

Errors: none
Warnings: none
